interactions:
- request:
    body: mail_host=example.com
    headers:
      accept-encoding: ['gzip, deflate']
      !!python/unicode 'authorization': [!!python/unicode 'Basic cmVzdGFkbWluOnJlc3RwYXNz']
      !!python/unicode 'content-type': [!!python/unicode 'application/x-www-form-urlencoded']
      !!python/unicode 'user-agent': [!!python/unicode 'GNU Mailman REST client v1.0.0']
    method: !!python/unicode 'POST'
    uri: http://localhost:9001/3.0/domains
  response:
    body: {string: !!python/unicode ''}
    headers:
      content-length: ['0']
      date: ['Sat, 01 Aug 2015 13:43:56 GMT']
      location: ['http://localhost:9001/3.0/domains/example.com']
      server: [WSGIServer/0.2 CPython/3.4.3]
    status: {code: 201, message: Created}
- request:
    body: mail_host=example.net
    headers:
      accept-encoding: ['gzip, deflate']
      !!python/unicode 'authorization': [!!python/unicode 'Basic cmVzdGFkbWluOnJlc3RwYXNz']
      !!python/unicode 'content-type': [!!python/unicode 'application/x-www-form-urlencoded']
      !!python/unicode 'user-agent': [!!python/unicode 'GNU Mailman REST client v1.0.0']
    method: !!python/unicode 'POST'
    uri: http://localhost:9001/3.0/domains
  response:
    body: {string: !!python/unicode ''}
    headers:
      content-length: ['0']
      date: ['Sat, 01 Aug 2015 13:43:56 GMT']
      location: ['http://localhost:9001/3.0/domains/example.net']
      server: [WSGIServer/0.2 CPython/3.4.3]
    status: {code: 201, message: Created}
- request:
    body: null
    headers:
      accept-encoding: ['gzip, deflate']
      !!python/unicode 'authorization': [!!python/unicode 'Basic cmVzdGFkbWluOnJlc3RwYXNz']
      !!python/unicode 'user-agent': [!!python/unicode 'GNU Mailman REST client v1.0.0']
    method: !!python/unicode 'GET'
    uri: http://localhost:9001/3.0/domains/example.com
  response:
    body: {string: !!python/unicode '{"mail_host": "example.com", "url_host": "example.com",
        "base_url": "http://example.com", "description": null, "http_etag": "\"e736411818ff1815ca83575e0958c38c5188f0a4\"",
        "self_link": "http://localhost:9001/3.0/domains/example.com"}'}
    headers:
      content-length: ['233']
      content-type: [application/json; charset=utf-8]
      date: ['Sat, 01 Aug 2015 13:43:56 GMT']
      server: [WSGIServer/0.2 CPython/3.4.3]
    status: {code: 200, message: OK}
- request:
    body: fqdn_listname=foo%40example.com
    headers:
      accept-encoding: ['gzip, deflate']
      !!python/unicode 'authorization': [!!python/unicode 'Basic cmVzdGFkbWluOnJlc3RwYXNz']
      !!python/unicode 'content-type': [!!python/unicode 'application/x-www-form-urlencoded']
      !!python/unicode 'user-agent': [!!python/unicode 'GNU Mailman REST client v1.0.0']
    method: !!python/unicode 'POST'
    uri: http://localhost:9001/3.0/lists
  response:
    body: {string: !!python/unicode ''}
    headers:
      content-length: ['0']
      date: ['Sat, 01 Aug 2015 13:43:56 GMT']
      location: ['http://localhost:9001/3.0/lists/foo.example.com']
      server: [WSGIServer/0.2 CPython/3.4.3]
    status: {code: 201, message: Created}
- request:
    body: null
    headers:
      accept-encoding: ['gzip, deflate']
      !!python/unicode 'authorization': [!!python/unicode 'Basic cmVzdGFkbWluOnJlc3RwYXNz']
      !!python/unicode 'user-agent': [!!python/unicode 'GNU Mailman REST client v1.0.0']
    method: !!python/unicode 'GET'
    uri: http://localhost:9001/3.0/lists
  response:
    body: {string: !!python/unicode '{"total_size": 1, "entries": [{"mail_host": "example.com",
        "list_name": "foo", "display_name": "Foo", "list_id": "foo.example.com", "fqdn_listname":
        "foo@example.com", "volume": 1, "self_link": "http://localhost:9001/3.0/lists/foo.example.com",
        "http_etag": "\"698a819bbb6b902096a8c5543cc7fac2328960d5\"", "member_count":
        0}], "start": 0, "http_etag": "\"0eb6d0b88c89b5c491b7966eab97a79e221096ad\""}'}
    headers:
      content-length: ['399']
      content-type: [application/json; charset=utf-8]
      date: ['Sat, 01 Aug 2015 13:43:56 GMT']
      server: [WSGIServer/0.2 CPython/3.4.3]
    status: {code: 200, message: OK}
- request:
    body: null
    headers:
      accept-encoding: ['gzip, deflate']
      !!python/unicode 'authorization': [!!python/unicode 'Basic cmVzdGFkbWluOnJlc3RwYXNz']
      !!python/unicode 'user-agent': [!!python/unicode 'GNU Mailman REST client v1.0.0']
    method: !!python/unicode 'GET'
    uri: http://localhost:9001/3.0/lists/foo.example.com
  response:
    body: {string: !!python/unicode '{"mail_host": "example.com", "list_name": "foo",
        "display_name": "Foo", "list_id": "foo.example.com", "fqdn_listname": "foo@example.com",
        "volume": 1, "self_link": "http://localhost:9001/3.0/lists/foo.example.com",
        "http_etag": "\"698a819bbb6b902096a8c5543cc7fac2328960d5\"", "member_count":
        0}'}
    headers:
      content-length: ['294']
      content-type: [application/json; charset=utf-8]
      date: ['Sat, 01 Aug 2015 13:43:56 GMT']
      server: [WSGIServer/0.2 CPython/3.4.3]
    status: {code: 200, message: OK}
- request:
    body: null
    headers:
      accept-encoding: ['gzip, deflate']
      !!python/unicode 'authorization': [!!python/unicode 'Basic cmVzdGFkbWluOnJlc3RwYXNz']
      !!python/unicode 'user-agent': [!!python/unicode 'GNU Mailman REST client v1.0.0']
    method: !!python/unicode 'GET'
    uri: http://localhost:9001/3.0/lists/foo@example.com/config
  response:
    body: {string: !!python/unicode '{"list_name": "foo", "request_address": "foo-request@example.com",
        "acceptable_aliases": [], "mail_host": "example.com", "subject_prefix": "[Foo]
        ", "welcome_message_uri": "mailman:///welcome.txt", "posting_pipeline": "default-posting-pipeline",
        "autorespond_owner": "none", "post_id": 1, "admin_immed_notify": true, "include_rfc2369_headers":
        true, "scheme": "http", "created_at": "2015-08-01T13:43:56.625957", "reply_goes_to_list":
        "no_munging", "bounces_address": "foo-bounces@example.com", "default_member_action":
        "defer", "first_strip_reply_to": false, "volume": 1, "digest_last_sent_at":
        null, "collapse_alternatives": true, "archive_policy": "public", "description":
        "", "display_name": "Foo", "autorespond_requests": "none", "autoresponse_request_text":
        "", "allow_list_posts": true, "autoresponse_postings_text": "", "web_host":
        "example.com", "last_post_at": null, "anonymous_list": false, "join_address":
        "foo-join@example.com", "admin_notify_mchanges": false, "advertised": true,
        "autorespond_postings": "none", "next_digest_number": 1, "filter_content":
        false, "no_reply_address": "noreply@example.com", "default_nonmember_action":
        "hold", "leave_address": "foo-leave@example.com", "reply_to_address": "",
        "autoresponse_owner_text": "", "fqdn_listname": "foo@example.com", "posting_address":
        "foo@example.com", "convert_html_to_plaintext": false, "administrivia": true,
        "digest_size_threshold": 30.0, "http_etag": "\"9bda46bc56fd3e9c42ef2b1dd3bb23b2b7d94f3e\"",
        "send_welcome_message": true, "owner_address": "foo-owner@example.com", "autoresponse_grace_period":
        "90d", "subscription_policy": "confirm"}'}
    headers:
      content-length: ['1617']
      content-type: [application/json; charset=utf-8]
      date: ['Sat, 01 Aug 2015 13:43:56 GMT']
      server: [WSGIServer/0.2 CPython/3.4.3]
    status: {code: 200, message: OK}
- request:
    body: null
    headers:
      accept-encoding: ['gzip, deflate']
      !!python/unicode 'authorization': [!!python/unicode 'Basic cmVzdGFkbWluOnJlc3RwYXNz']
      !!python/unicode 'user-agent': [!!python/unicode 'GNU Mailman REST client v1.0.0']
    method: !!python/unicode 'GET'
    uri: http://localhost:9001/3.0/domains
  response:
    body: {string: !!python/unicode '{"total_size": 2, "entries": [{"mail_host": "example.com",
        "url_host": "example.com", "base_url": "http://example.com", "description":
        null, "http_etag": "\"e736411818ff1815ca83575e0958c38c5188f0a4\"", "self_link":
        "http://localhost:9001/3.0/domains/example.com"}, {"mail_host": "example.net",
        "url_host": "example.net", "base_url": "http://example.net", "description":
        null, "http_etag": "\"0d2f2e58986938da3ee32b4625c8d2ee7818f5f8\"", "self_link":
        "http://localhost:9001/3.0/domains/example.net"}], "start": 0, "http_etag":
        "\"102a08c176237dad16299a2e64a838ce1c16c873\""}'}
    headers:
      content-length: ['573']
      content-type: [application/json; charset=utf-8]
      date: ['Sat, 01 Aug 2015 13:43:56 GMT']
      server: [WSGIServer/0.2 CPython/3.4.3]
    status: {code: 200, message: OK}
- request:
    body: null
    headers:
      accept-encoding: ['gzip, deflate']
      !!python/unicode 'authorization': [!!python/unicode 'Basic cmVzdGFkbWluOnJlc3RwYXNz']
      !!python/unicode 'user-agent': [!!python/unicode 'GNU Mailman REST client v1.0.0']
    method: !!python/unicode 'GET'
    uri: http://localhost:9001/3.0/domains/example.com
  response:
    body: {string: !!python/unicode '{"mail_host": "example.com", "url_host": "example.com",
        "base_url": "http://example.com", "description": null, "http_etag": "\"e736411818ff1815ca83575e0958c38c5188f0a4\"",
        "self_link": "http://localhost:9001/3.0/domains/example.com"}'}
    headers:
      content-length: ['233']
      content-type: [application/json; charset=utf-8]
      date: ['Sat, 01 Aug 2015 13:43:56 GMT']
      server: [WSGIServer/0.2 CPython/3.4.3]
    status: {code: 200, message: OK}
- request:
    body: null
    headers:
      accept-encoding: ['gzip, deflate']
      !!python/unicode 'authorization': [!!python/unicode 'Basic cmVzdGFkbWluOnJlc3RwYXNz']
      !!python/unicode 'user-agent': [!!python/unicode 'GNU Mailman REST client v1.0.0']
    method: !!python/unicode 'GET'
    uri: http://localhost:9001/3.0/domains/example.net
  response:
    body: {string: !!python/unicode '{"mail_host": "example.net", "url_host": "example.net",
        "base_url": "http://example.net", "description": null, "http_etag": "\"0d2f2e58986938da3ee32b4625c8d2ee7818f5f8\"",
        "self_link": "http://localhost:9001/3.0/domains/example.net"}'}
    headers:
      content-length: ['233']
      content-type: [application/json; charset=utf-8]
      date: ['Sat, 01 Aug 2015 13:43:56 GMT']
      server: [WSGIServer/0.2 CPython/3.4.3]
    status: {code: 200, message: OK}
- request:
    body: null
    headers:
      accept-encoding: ['gzip, deflate']
      !!python/unicode 'authorization': [!!python/unicode 'Basic cmVzdGFkbWluOnJlc3RwYXNz']
      !!python/unicode 'user-agent': [!!python/unicode 'GNU Mailman REST client v1.0.0']
    method: !!python/unicode 'GET'
    uri: http://localhost:9001/3.0/domains/example.net
  response:
    body: {string: !!python/unicode '{"mail_host": "example.net", "url_host": "example.net",
        "base_url": "http://example.net", "description": null, "http_etag": "\"0d2f2e58986938da3ee32b4625c8d2ee7818f5f8\"",
        "self_link": "http://localhost:9001/3.0/domains/example.net"}'}
    headers:
      content-length: ['233']
      content-type: [application/json; charset=utf-8]
      date: ['Sat, 01 Aug 2015 13:43:57 GMT']
      server: [WSGIServer/0.2 CPython/3.4.3]
    status: {code: 200, message: OK}
- request:
    body: fqdn_listname=boo%40example.net
    headers:
      accept-encoding: ['gzip, deflate']
      !!python/unicode 'authorization': [!!python/unicode 'Basic cmVzdGFkbWluOnJlc3RwYXNz']
      !!python/unicode 'content-type': [!!python/unicode 'application/x-www-form-urlencoded']
      !!python/unicode 'user-agent': [!!python/unicode 'GNU Mailman REST client v1.0.0']
    method: !!python/unicode 'POST'
    uri: http://localhost:9001/3.0/lists
  response:
    body: {string: !!python/unicode ''}
    headers:
      content-length: ['0']
      date: ['Sat, 01 Aug 2015 13:43:57 GMT']
      location: ['http://localhost:9001/3.0/lists/boo.example.net']
      server: [WSGIServer/0.2 CPython/3.4.3]
    status: {code: 201, message: Created}
- request:
    body: null
    headers:
      accept-encoding: ['gzip, deflate']
      !!python/unicode 'authorization': [!!python/unicode 'Basic cmVzdGFkbWluOnJlc3RwYXNz']
      !!python/unicode 'user-agent': [!!python/unicode 'GNU Mailman REST client v1.0.0']
    method: !!python/unicode 'GET'
    uri: http://localhost:9001/3.0/lists
  response:
    body: {string: !!python/unicode '{"total_size": 2, "entries": [{"mail_host": "example.com",
        "list_name": "foo", "display_name": "Foo", "list_id": "foo.example.com", "fqdn_listname":
        "foo@example.com", "volume": 1, "self_link": "http://localhost:9001/3.0/lists/foo.example.com",
        "http_etag": "\"698a819bbb6b902096a8c5543cc7fac2328960d5\"", "member_count":
        0}, {"mail_host": "example.net", "list_name": "boo", "display_name": "Boo",
        "list_id": "boo.example.net", "fqdn_listname": "boo@example.net", "volume":
        1, "self_link": "http://localhost:9001/3.0/lists/boo.example.net", "http_etag":
        "\"2571e6a9309305637cd6d4061707c279f897d270\"", "member_count": 0}], "start":
        0, "http_etag": "\"58d4860a5e0463eebb0c7e892000ab82a55d9f22\""}'}
    headers:
      content-length: ['695']
      content-type: [application/json; charset=utf-8]
      date: ['Sat, 01 Aug 2015 13:43:57 GMT']
      server: [WSGIServer/0.2 CPython/3.4.3]
    status: {code: 200, message: OK}
- request:
    body: null
    headers:
      accept-encoding: ['gzip, deflate']
      !!python/unicode 'authorization': [!!python/unicode 'Basic cmVzdGFkbWluOnJlc3RwYXNz']
      !!python/unicode 'user-agent': [!!python/unicode 'GNU Mailman REST client v1.0.0']
    method: !!python/unicode 'GET'
    uri: http://localhost:9001/3.0/lists/foo.example.com
  response:
    body: {string: !!python/unicode '{"mail_host": "example.com", "list_name": "foo",
        "display_name": "Foo", "list_id": "foo.example.com", "fqdn_listname": "foo@example.com",
        "volume": 1, "self_link": "http://localhost:9001/3.0/lists/foo.example.com",
        "http_etag": "\"698a819bbb6b902096a8c5543cc7fac2328960d5\"", "member_count":
        0}'}
    headers:
      content-length: ['294']
      content-type: [application/json; charset=utf-8]
      date: ['Sat, 01 Aug 2015 13:43:57 GMT']
      server: [WSGIServer/0.2 CPython/3.4.3]
    status: {code: 200, message: OK}
- request:
    body: null
    headers:
      accept-encoding: ['gzip, deflate']
      !!python/unicode 'authorization': [!!python/unicode 'Basic cmVzdGFkbWluOnJlc3RwYXNz']
      !!python/unicode 'user-agent': [!!python/unicode 'GNU Mailman REST client v1.0.0']
    method: !!python/unicode 'GET'
    uri: http://localhost:9001/3.0/lists/foo@example.com/config
  response:
    body: {string: !!python/unicode '{"list_name": "foo", "request_address": "foo-request@example.com",
        "acceptable_aliases": [], "mail_host": "example.com", "subject_prefix": "[Foo]
        ", "welcome_message_uri": "mailman:///welcome.txt", "posting_pipeline": "default-posting-pipeline",
        "autorespond_owner": "none", "post_id": 1, "admin_immed_notify": true, "include_rfc2369_headers":
        true, "scheme": "http", "created_at": "2015-08-01T13:43:56.625957", "reply_goes_to_list":
        "no_munging", "bounces_address": "foo-bounces@example.com", "default_member_action":
        "defer", "first_strip_reply_to": false, "volume": 1, "digest_last_sent_at":
        null, "collapse_alternatives": true, "archive_policy": "public", "description":
        "", "display_name": "Foo", "autorespond_requests": "none", "autoresponse_request_text":
        "", "allow_list_posts": true, "autoresponse_postings_text": "", "web_host":
        "example.com", "last_post_at": null, "anonymous_list": false, "join_address":
        "foo-join@example.com", "admin_notify_mchanges": false, "advertised": true,
        "autorespond_postings": "none", "next_digest_number": 1, "filter_content":
        false, "no_reply_address": "noreply@example.com", "default_nonmember_action":
        "hold", "leave_address": "foo-leave@example.com", "reply_to_address": "",
        "autoresponse_owner_text": "", "fqdn_listname": "foo@example.com", "posting_address":
        "foo@example.com", "convert_html_to_plaintext": false, "administrivia": true,
        "digest_size_threshold": 30.0, "http_etag": "\"9bda46bc56fd3e9c42ef2b1dd3bb23b2b7d94f3e\"",
        "send_welcome_message": true, "owner_address": "foo-owner@example.com", "autoresponse_grace_period":
        "90d", "subscription_policy": "confirm"}'}
    headers:
      content-length: ['1617']
      content-type: [application/json; charset=utf-8]
      date: ['Sat, 01 Aug 2015 13:43:57 GMT']
      server: [WSGIServer/0.2 CPython/3.4.3]
    status: {code: 200, message: OK}
- request:
    body: null
    headers:
      accept-encoding: ['gzip, deflate']
      !!python/unicode 'authorization': [!!python/unicode 'Basic cmVzdGFkbWluOnJlc3RwYXNz']
      !!python/unicode 'user-agent': [!!python/unicode 'GNU Mailman REST client v1.0.0']
    method: !!python/unicode 'GET'
    uri: http://localhost:9001/3.0/lists/boo.example.net
  response:
    body: {string: !!python/unicode '{"mail_host": "example.net", "list_name": "boo",
        "display_name": "Boo", "list_id": "boo.example.net", "fqdn_listname": "boo@example.net",
        "volume": 1, "self_link": "http://localhost:9001/3.0/lists/boo.example.net",
        "http_etag": "\"2571e6a9309305637cd6d4061707c279f897d270\"", "member_count":
        0}'}
    headers:
      content-length: ['294']
      content-type: [application/json; charset=utf-8]
      date: ['Sat, 01 Aug 2015 13:43:57 GMT']
      server: [WSGIServer/0.2 CPython/3.4.3]
    status: {code: 200, message: OK}
- request:
    body: null
    headers:
      accept-encoding: ['gzip, deflate']
      !!python/unicode 'authorization': [!!python/unicode 'Basic cmVzdGFkbWluOnJlc3RwYXNz']
      !!python/unicode 'user-agent': [!!python/unicode 'GNU Mailman REST client v1.0.0']
    method: !!python/unicode 'GET'
    uri: http://localhost:9001/3.0/lists/boo@example.net/config
  response:
    body: {string: !!python/unicode '{"list_name": "boo", "request_address": "boo-request@example.net",
        "acceptable_aliases": [], "mail_host": "example.net", "subject_prefix": "[Boo]
        ", "welcome_message_uri": "mailman:///welcome.txt", "posting_pipeline": "default-posting-pipeline",
        "autorespond_owner": "none", "post_id": 1, "admin_immed_notify": true, "include_rfc2369_headers":
        true, "scheme": "http", "created_at": "2015-08-01T13:43:57.025612", "reply_goes_to_list":
        "no_munging", "bounces_address": "boo-bounces@example.net", "default_member_action":
        "defer", "first_strip_reply_to": false, "volume": 1, "digest_last_sent_at":
        null, "collapse_alternatives": true, "archive_policy": "public", "description":
        "", "display_name": "Boo", "autorespond_requests": "none", "autoresponse_request_text":
        "", "allow_list_posts": true, "autoresponse_postings_text": "", "web_host":
        "example.net", "last_post_at": null, "anonymous_list": false, "join_address":
        "boo-join@example.net", "admin_notify_mchanges": false, "advertised": true,
        "autorespond_postings": "none", "next_digest_number": 1, "filter_content":
        false, "no_reply_address": "noreply@example.net", "default_nonmember_action":
        "hold", "leave_address": "boo-leave@example.net", "reply_to_address": "",
        "autoresponse_owner_text": "", "fqdn_listname": "boo@example.net", "posting_address":
        "boo@example.net", "convert_html_to_plaintext": false, "administrivia": true,
        "digest_size_threshold": 30.0, "http_etag": "\"d29e911b50e9d24f50bf5be45676d6ef11ea11cd\"",
        "send_welcome_message": true, "owner_address": "boo-owner@example.net", "autoresponse_grace_period":
        "90d", "subscription_policy": "confirm"}'}
    headers:
      content-length: ['1617']
      content-type: [application/json; charset=utf-8]
      date: ['Sat, 01 Aug 2015 13:43:57 GMT']
      server: [WSGIServer/0.2 CPython/3.4.3]
    status: {code: 200, message: OK}
- request:
    body: null
    headers:
      accept-encoding: ['gzip, deflate']
      !!python/unicode 'authorization': [!!python/unicode 'Basic cmVzdGFkbWluOnJlc3RwYXNz']
      !!python/unicode 'user-agent': [!!python/unicode 'GNU Mailman REST client v1.0.0']
    method: !!python/unicode 'GET'
    uri: http://localhost:9001/3.0/domains
  response:
    body: {string: !!python/unicode '{"total_size": 2, "entries": [{"mail_host": "example.com",
        "url_host": "example.com", "base_url": "http://example.com", "description":
        null, "http_etag": "\"e736411818ff1815ca83575e0958c38c5188f0a4\"", "self_link":
        "http://localhost:9001/3.0/domains/example.com"}, {"mail_host": "example.net",
        "url_host": "example.net", "base_url": "http://example.net", "description":
        null, "http_etag": "\"0d2f2e58986938da3ee32b4625c8d2ee7818f5f8\"", "self_link":
        "http://localhost:9001/3.0/domains/example.net"}], "start": 0, "http_etag":
        "\"102a08c176237dad16299a2e64a838ce1c16c873\""}'}
    headers:
      content-length: ['573']
      content-type: [application/json; charset=utf-8]
      date: ['Sat, 01 Aug 2015 13:43:57 GMT']
      server: [WSGIServer/0.2 CPython/3.4.3]
    status: {code: 200, message: OK}
- request:
    body: null
    headers:
      accept-encoding: ['gzip, deflate']
      !!python/unicode 'authorization': [!!python/unicode 'Basic cmVzdGFkbWluOnJlc3RwYXNz']
      !!python/unicode 'user-agent': [!!python/unicode 'GNU Mailman REST client v1.0.0']
    method: !!python/unicode 'GET'
    uri: http://localhost:9001/3.0/domains/example.com
  response:
    body: {string: !!python/unicode '{"mail_host": "example.com", "url_host": "example.com",
        "base_url": "http://example.com", "description": null, "http_etag": "\"e736411818ff1815ca83575e0958c38c5188f0a4\"",
        "self_link": "http://localhost:9001/3.0/domains/example.com"}'}
    headers:
      content-length: ['233']
      content-type: [application/json; charset=utf-8]
      date: ['Sat, 01 Aug 2015 13:43:57 GMT']
      server: [WSGIServer/0.2 CPython/3.4.3]
    status: {code: 200, message: OK}
- request:
    body: null
    headers:
      accept-encoding: ['gzip, deflate']
      !!python/unicode 'authorization': [!!python/unicode 'Basic cmVzdGFkbWluOnJlc3RwYXNz']
      !!python/unicode 'user-agent': [!!python/unicode 'GNU Mailman REST client v1.0.0']
    method: !!python/unicode 'GET'
    uri: http://localhost:9001/3.0/domains/example.net
  response:
    body: {string: !!python/unicode '{"mail_host": "example.net", "url_host": "example.net",
        "base_url": "http://example.net", "description": null, "http_etag": "\"0d2f2e58986938da3ee32b4625c8d2ee7818f5f8\"",
        "self_link": "http://localhost:9001/3.0/domains/example.net"}'}
    headers:
      content-length: ['233']
      content-type: [application/json; charset=utf-8]
      date: ['Sat, 01 Aug 2015 13:43:57 GMT']
      server: [WSGIServer/0.2 CPython/3.4.3]
    status: {code: 200, message: OK}
- request:
    body: null
    headers:
      accept-encoding: ['gzip, deflate']
      !!python/unicode 'authorization': [!!python/unicode 'Basic cmVzdGFkbWluOnJlc3RwYXNz']
      !!python/unicode 'user-agent': [!!python/unicode 'GNU Mailman REST client v1.0.0']
    method: !!python/unicode 'GET'
    uri: http://localhost:9001/3.0/lists/boo@example.net/config
  response:
    body: {string: !!python/unicode '{"list_name": "boo", "request_address": "boo-request@example.net",
        "acceptable_aliases": [], "mail_host": "example.net", "subject_prefix": "[Boo]
        ", "welcome_message_uri": "mailman:///welcome.txt", "posting_pipeline": "default-posting-pipeline",
        "autorespond_owner": "none", "post_id": 1, "admin_immed_notify": true, "include_rfc2369_headers":
        true, "scheme": "http", "created_at": "2015-08-01T13:43:57.025612", "reply_goes_to_list":
        "no_munging", "bounces_address": "boo-bounces@example.net", "default_member_action":
        "defer", "first_strip_reply_to": false, "volume": 1, "digest_last_sent_at":
        null, "collapse_alternatives": true, "archive_policy": "public", "description":
        "", "display_name": "Boo", "autorespond_requests": "none", "autoresponse_request_text":
        "", "allow_list_posts": true, "autoresponse_postings_text": "", "web_host":
        "example.net", "last_post_at": null, "anonymous_list": false, "join_address":
        "boo-join@example.net", "admin_notify_mchanges": false, "advertised": true,
        "autorespond_postings": "none", "next_digest_number": 1, "filter_content":
        false, "no_reply_address": "noreply@example.net", "default_nonmember_action":
        "hold", "leave_address": "boo-leave@example.net", "reply_to_address": "",
        "autoresponse_owner_text": "", "fqdn_listname": "boo@example.net", "posting_address":
        "boo@example.net", "convert_html_to_plaintext": false, "administrivia": true,
        "digest_size_threshold": 30.0, "http_etag": "\"d29e911b50e9d24f50bf5be45676d6ef11ea11cd\"",
        "send_welcome_message": true, "owner_address": "boo-owner@example.net", "autoresponse_grace_period":
        "90d", "subscription_policy": "confirm"}'}
    headers:
      content-length: ['1617']
      content-type: [application/json; charset=utf-8]
      date: ['Sat, 01 Aug 2015 13:43:57 GMT']
      server: [WSGIServer/0.2 CPython/3.4.3]
    status: {code: 200, message: OK}
- request:
    body: null
    headers:
      accept-encoding: ['gzip, deflate']
      !!python/unicode 'authorization': [!!python/unicode 'Basic cmVzdGFkbWluOnJlc3RwYXNz']
      !!python/unicode 'user-agent': [!!python/unicode 'GNU Mailman REST client v1.0.0']
    method: !!python/unicode 'GET'
    uri: http://localhost:9001/3.0/lists/boo@example.net/config
  response:
    body: {string: !!python/unicode '{"list_name": "boo", "request_address": "boo-request@example.net",
        "acceptable_aliases": [], "mail_host": "example.net", "subject_prefix": "[Boo]
        ", "welcome_message_uri": "mailman:///welcome.txt", "posting_pipeline": "default-posting-pipeline",
        "autorespond_owner": "none", "post_id": 1, "admin_immed_notify": true, "include_rfc2369_headers":
        true, "scheme": "http", "created_at": "2015-08-01T13:43:57.025612", "reply_goes_to_list":
        "no_munging", "bounces_address": "boo-bounces@example.net", "default_member_action":
        "defer", "first_strip_reply_to": false, "volume": 1, "digest_last_sent_at":
        null, "collapse_alternatives": true, "archive_policy": "public", "description":
        "", "display_name": "Boo", "autorespond_requests": "none", "autoresponse_request_text":
        "", "allow_list_posts": true, "autoresponse_postings_text": "", "web_host":
        "example.net", "last_post_at": null, "anonymous_list": false, "join_address":
        "boo-join@example.net", "admin_notify_mchanges": false, "advertised": true,
        "autorespond_postings": "none", "next_digest_number": 1, "filter_content":
        false, "no_reply_address": "noreply@example.net", "default_nonmember_action":
        "hold", "leave_address": "boo-leave@example.net", "reply_to_address": "",
        "autoresponse_owner_text": "", "fqdn_listname": "boo@example.net", "posting_address":
        "boo@example.net", "convert_html_to_plaintext": false, "administrivia": true,
        "digest_size_threshold": 30.0, "http_etag": "\"d29e911b50e9d24f50bf5be45676d6ef11ea11cd\"",
        "send_welcome_message": true, "owner_address": "boo-owner@example.net", "autoresponse_grace_period":
        "90d", "subscription_policy": "confirm"}'}
    headers:
      content-length: ['1617']
      content-type: [application/json; charset=utf-8]
      date: ['Sat, 01 Aug 2015 13:43:57 GMT']
      server: [WSGIServer/0.2 CPython/3.4.3]
    status: {code: 200, message: OK}
- request:
    body: null
    headers:
      accept-encoding: ['gzip, deflate']
      !!python/unicode 'authorization': [!!python/unicode 'Basic cmVzdGFkbWluOnJlc3RwYXNz']
      !!python/unicode 'user-agent': [!!python/unicode 'GNU Mailman REST client v1.0.0']
    method: !!python/unicode 'GET'
    uri: http://localhost:9001/3.0/lists
  response:
    body: {string: !!python/unicode '{"total_size": 2, "entries": [{"mail_host": "example.com",
        "list_name": "foo", "display_name": "Foo", "list_id": "foo.example.com", "fqdn_listname":
        "foo@example.com", "volume": 1, "self_link": "http://localhost:9001/3.0/lists/foo.example.com",
        "http_etag": "\"698a819bbb6b902096a8c5543cc7fac2328960d5\"", "member_count":
        0}, {"mail_host": "example.net", "list_name": "boo", "display_name": "Boo",
        "list_id": "boo.example.net", "fqdn_listname": "boo@example.net", "volume":
        1, "self_link": "http://localhost:9001/3.0/lists/boo.example.net", "http_etag":
        "\"2571e6a9309305637cd6d4061707c279f897d270\"", "member_count": 0}], "start":
        0, "http_etag": "\"58d4860a5e0463eebb0c7e892000ab82a55d9f22\""}'}
    headers:
      content-length: ['695']
      content-type: [application/json; charset=utf-8]
      date: ['Sat, 01 Aug 2015 13:43:57 GMT']
      server: [WSGIServer/0.2 CPython/3.4.3]
    status: {code: 200, message: OK}
- request:
    body: null
    headers:
      accept-encoding: ['gzip, deflate']
      !!python/unicode 'authorization': [!!python/unicode 'Basic cmVzdGFkbWluOnJlc3RwYXNz']
      !!python/unicode 'user-agent': [!!python/unicode 'GNU Mailman REST client v1.0.0']
    method: !!python/unicode 'GET'
    uri: http://localhost:9001/3.0/lists/foo.example.com
  response:
    body: {string: !!python/unicode '{"mail_host": "example.com", "list_name": "foo",
        "display_name": "Foo", "list_id": "foo.example.com", "fqdn_listname": "foo@example.com",
        "volume": 1, "self_link": "http://localhost:9001/3.0/lists/foo.example.com",
        "http_etag": "\"698a819bbb6b902096a8c5543cc7fac2328960d5\"", "member_count":
        0}'}
    headers:
      content-length: ['294']
      content-type: [application/json; charset=utf-8]
      date: ['Sat, 01 Aug 2015 13:43:58 GMT']
      server: [WSGIServer/0.2 CPython/3.4.3]
    status: {code: 200, message: OK}
- request:
    body: null
    headers:
      accept-encoding: ['gzip, deflate']
      !!python/unicode 'authorization': [!!python/unicode 'Basic cmVzdGFkbWluOnJlc3RwYXNz']
      !!python/unicode 'user-agent': [!!python/unicode 'GNU Mailman REST client v1.0.0']
    method: !!python/unicode 'DELETE'
    uri: http://localhost:9001/3.0/lists/foo@example.com
  response:
    body: {string: !!python/unicode ''}
    headers:
      content-length: ['0']
      date: ['Sat, 01 Aug 2015 13:43:58 GMT']
      server: [WSGIServer/0.2 CPython/3.4.3]
    status: {code: 204, message: No Content}
- request:
    body: null
    headers:
      accept-encoding: ['gzip, deflate']
      !!python/unicode 'authorization': [!!python/unicode 'Basic cmVzdGFkbWluOnJlc3RwYXNz']
      !!python/unicode 'user-agent': [!!python/unicode 'GNU Mailman REST client v1.0.0']
    method: !!python/unicode 'GET'
    uri: http://localhost:9001/3.0/lists/boo.example.net
  response:
    body: {string: !!python/unicode '{"mail_host": "example.net", "list_name": "boo",
        "display_name": "Boo", "list_id": "boo.example.net", "fqdn_listname": "boo@example.net",
        "volume": 1, "self_link": "http://localhost:9001/3.0/lists/boo.example.net",
        "http_etag": "\"2571e6a9309305637cd6d4061707c279f897d270\"", "member_count":
        0}'}
    headers:
      content-length: ['294']
      content-type: [application/json; charset=utf-8]
      date: ['Sat, 01 Aug 2015 13:43:58 GMT']
      server: [WSGIServer/0.2 CPython/3.4.3]
    status: {code: 200, message: OK}
- request:
    body: null
    headers:
      accept-encoding: ['gzip, deflate']
      !!python/unicode 'authorization': [!!python/unicode 'Basic cmVzdGFkbWluOnJlc3RwYXNz']
      !!python/unicode 'user-agent': [!!python/unicode 'GNU Mailman REST client v1.0.0']
    method: !!python/unicode 'DELETE'
    uri: http://localhost:9001/3.0/lists/boo@example.net
  response:
    body: {string: !!python/unicode ''}
    headers:
      content-length: ['0']
      date: ['Sat, 01 Aug 2015 13:43:58 GMT']
      server: [WSGIServer/0.2 CPython/3.4.3]
    status: {code: 204, message: No Content}
- request:
    body: mail_host=example.com
    headers:
      accept-encoding: ['gzip, deflate']
      !!python/unicode 'authorization': [!!python/unicode 'Basic cmVzdGFkbWluOnJlc3RwYXNz']
      !!python/unicode 'content-type': [!!python/unicode 'application/x-www-form-urlencoded']
      !!python/unicode 'user-agent': [!!python/unicode 'GNU Mailman REST client v1.0.0']
    method: !!python/unicode 'POST'
    uri: http://localhost:9001/3.0/domains
  response:
    body: {string: !!python/unicode 'Duplicate email host: example.com'}
    headers:
      content-length: ['33']
      content-type: [application/json; charset=utf-8]
      date: ['Sat, 01 Aug 2015 13:43:58 GMT']
      server: [WSGIServer/0.2 CPython/3.4.3]
    status: {code: 400, message: Bad Request}
- request:
    body: null
    headers:
      accept-encoding: ['gzip, deflate']
      !!python/unicode 'authorization': [!!python/unicode 'Basic cmVzdGFkbWluOnJlc3RwYXNz']
      !!python/unicode 'user-agent': [!!python/unicode 'GNU Mailman REST client v1.0.0']
    method: !!python/unicode 'GET'
    uri: http://localhost:9001/3.0/domains/example.com
  response:
    body: {string: !!python/unicode '{"mail_host": "example.com", "url_host": "example.com",
        "base_url": "http://example.com", "description": null, "http_etag": "\"e736411818ff1815ca83575e0958c38c5188f0a4\"",
        "self_link": "http://localhost:9001/3.0/domains/example.com"}'}
    headers:
      content-length: ['233']
      content-type: [application/json; charset=utf-8]
      date: ['Sat, 01 Aug 2015 13:43:58 GMT']
      server: [WSGIServer/0.2 CPython/3.4.3]
    status: {code: 200, message: OK}
- request:
    body: mail_host=example.net
    headers:
      accept-encoding: ['gzip, deflate']
      !!python/unicode 'authorization': [!!python/unicode 'Basic cmVzdGFkbWluOnJlc3RwYXNz']
      !!python/unicode 'content-type': [!!python/unicode 'application/x-www-form-urlencoded']
      !!python/unicode 'user-agent': [!!python/unicode 'GNU Mailman REST client v1.0.0']
    method: !!python/unicode 'POST'
    uri: http://localhost:9001/3.0/domains
  response:
    body: {string: !!python/unicode 'Duplicate email host: example.net'}
    headers:
      content-length: ['33']
      content-type: [application/json; charset=utf-8]
      date: ['Sat, 01 Aug 2015 13:43:58 GMT']
      server: [WSGIServer/0.2 CPython/3.4.3]
    status: {code: 400, message: Bad Request}
- request:
    body: null
    headers:
      accept-encoding: ['gzip, deflate']
      !!python/unicode 'authorization': [!!python/unicode 'Basic cmVzdGFkbWluOnJlc3RwYXNz']
      !!python/unicode 'user-agent': [!!python/unicode 'GNU Mailman REST client v1.0.0']
    method: !!python/unicode 'GET'
    uri: http://localhost:9001/3.0/domains/example.net
  response:
    body: {string: !!python/unicode '{"mail_host": "example.net", "url_host": "example.net",
        "base_url": "http://example.net", "description": null, "http_etag": "\"0d2f2e58986938da3ee32b4625c8d2ee7818f5f8\"",
        "self_link": "http://localhost:9001/3.0/domains/example.net"}'}
    headers:
      content-length: ['233']
      content-type: [application/json; charset=utf-8]
      date: ['Sat, 01 Aug 2015 13:43:58 GMT']
      server: [WSGIServer/0.2 CPython/3.4.3]
    status: {code: 200, message: OK}
- request:
    body: null
    headers:
      accept-encoding: ['gzip, deflate']
      !!python/unicode 'authorization': [!!python/unicode 'Basic cmVzdGFkbWluOnJlc3RwYXNz']
      !!python/unicode 'user-agent': [!!python/unicode 'GNU Mailman REST client v1.0.0']
    method: !!python/unicode 'GET'
    uri: http://localhost:9001/3.0/domains/example.com
  response:
    body: {string: !!python/unicode '{"mail_host": "example.com", "url_host": "example.com",
        "base_url": "http://example.com", "description": null, "http_etag": "\"e736411818ff1815ca83575e0958c38c5188f0a4\"",
        "self_link": "http://localhost:9001/3.0/domains/example.com"}'}
    headers:
      content-length: ['233']
      content-type: [application/json; charset=utf-8]
      date: ['Sat, 01 Aug 2015 13:43:58 GMT']
      server: [WSGIServer/0.2 CPython/3.4.3]
    status: {code: 200, message: OK}
- request:
    body: fqdn_listname=foo%40example.com
    headers:
      accept-encoding: ['gzip, deflate']
      !!python/unicode 'authorization': [!!python/unicode 'Basic cmVzdGFkbWluOnJlc3RwYXNz']
      !!python/unicode 'content-type': [!!python/unicode 'application/x-www-form-urlencoded']
      !!python/unicode 'user-agent': [!!python/unicode 'GNU Mailman REST client v1.0.0']
    method: !!python/unicode 'POST'
    uri: http://localhost:9001/3.0/lists
  response:
    body: {string: !!python/unicode ''}
    headers:
      content-length: ['0']
      date: ['Sat, 01 Aug 2015 13:43:58 GMT']
      location: ['http://localhost:9001/3.0/lists/foo.example.com']
      server: [WSGIServer/0.2 CPython/3.4.3]
    status: {code: 201, message: Created}
- request:
    body: null
    headers:
      accept-encoding: ['gzip, deflate']
      !!python/unicode 'authorization': [!!python/unicode 'Basic cmVzdGFkbWluOnJlc3RwYXNz']
      !!python/unicode 'user-agent': [!!python/unicode 'GNU Mailman REST client v1.0.0']
    method: !!python/unicode 'GET'
    uri: http://localhost:9001/3.0/lists
  response:
    body: {string: !!python/unicode '{"total_size": 1, "entries": [{"mail_host": "example.com",
        "list_name": "foo", "display_name": "Foo", "list_id": "foo.example.com", "fqdn_listname":
        "foo@example.com", "volume": 1, "self_link": "http://localhost:9001/3.0/lists/foo.example.com",
        "http_etag": "\"698a819bbb6b902096a8c5543cc7fac2328960d5\"", "member_count":
        0}], "start": 0, "http_etag": "\"0eb6d0b88c89b5c491b7966eab97a79e221096ad\""}'}
    headers:
      content-length: ['399']
      content-type: [application/json; charset=utf-8]
      date: ['Sat, 01 Aug 2015 13:43:59 GMT']
      server: [WSGIServer/0.2 CPython/3.4.3]
    status: {code: 200, message: OK}
- request:
    body: null
    headers:
      accept-encoding: ['gzip, deflate']
      !!python/unicode 'authorization': [!!python/unicode 'Basic cmVzdGFkbWluOnJlc3RwYXNz']
      !!python/unicode 'user-agent': [!!python/unicode 'GNU Mailman REST client v1.0.0']
    method: !!python/unicode 'GET'
    uri: http://localhost:9001/3.0/lists/foo.example.com
  response:
    body: {string: !!python/unicode '{"mail_host": "example.com", "list_name": "foo",
        "display_name": "Foo", "list_id": "foo.example.com", "fqdn_listname": "foo@example.com",
        "volume": 1, "self_link": "http://localhost:9001/3.0/lists/foo.example.com",
        "http_etag": "\"698a819bbb6b902096a8c5543cc7fac2328960d5\"", "member_count":
        0}'}
    headers:
      content-length: ['294']
      content-type: [application/json; charset=utf-8]
      date: ['Sat, 01 Aug 2015 13:43:59 GMT']
      server: [WSGIServer/0.2 CPython/3.4.3]
    status: {code: 200, message: OK}
- request:
    body: null
    headers:
      accept-encoding: ['gzip, deflate']
      !!python/unicode 'authorization': [!!python/unicode 'Basic cmVzdGFkbWluOnJlc3RwYXNz']
      !!python/unicode 'user-agent': [!!python/unicode 'GNU Mailman REST client v1.0.0']
    method: !!python/unicode 'GET'
    uri: http://localhost:9001/3.0/lists/foo@example.com/config
  response:
    body: {string: !!python/unicode '{"list_name": "foo", "request_address": "foo-request@example.com",
        "acceptable_aliases": [], "mail_host": "example.com", "subject_prefix": "[Foo]
        ", "welcome_message_uri": "mailman:///welcome.txt", "posting_pipeline": "default-posting-pipeline",
        "autorespond_owner": "none", "post_id": 1, "admin_immed_notify": true, "include_rfc2369_headers":
        true, "scheme": "http", "created_at": "2015-08-01T13:43:58.769742", "reply_goes_to_list":
        "no_munging", "bounces_address": "foo-bounces@example.com", "default_member_action":
        "defer", "first_strip_reply_to": false, "volume": 1, "digest_last_sent_at":
        null, "collapse_alternatives": true, "archive_policy": "public", "description":
        "", "display_name": "Foo", "autorespond_requests": "none", "autoresponse_request_text":
        "", "allow_list_posts": true, "autoresponse_postings_text": "", "web_host":
        "example.com", "last_post_at": null, "anonymous_list": false, "join_address":
        "foo-join@example.com", "admin_notify_mchanges": false, "advertised": true,
        "autorespond_postings": "none", "next_digest_number": 1, "filter_content":
        false, "no_reply_address": "noreply@example.com", "default_nonmember_action":
        "hold", "leave_address": "foo-leave@example.com", "reply_to_address": "",
        "autoresponse_owner_text": "", "fqdn_listname": "foo@example.com", "posting_address":
        "foo@example.com", "convert_html_to_plaintext": false, "administrivia": true,
        "digest_size_threshold": 30.0, "http_etag": "\"806f78ccb583ea38230afc2a08833dd73ec894c1\"",
        "send_welcome_message": true, "owner_address": "foo-owner@example.com", "autoresponse_grace_period":
        "90d", "subscription_policy": "confirm"}'}
    headers:
      content-length: ['1617']
      content-type: [application/json; charset=utf-8]
      date: ['Sat, 01 Aug 2015 13:43:59 GMT']
      server: [WSGIServer/0.2 CPython/3.4.3]
    status: {code: 200, message: OK}
- request:
    body: null
    headers:
      accept-encoding: ['gzip, deflate']
      !!python/unicode 'authorization': [!!python/unicode 'Basic cmVzdGFkbWluOnJlc3RwYXNz']
      !!python/unicode 'user-agent': [!!python/unicode 'GNU Mailman REST client v1.0.0']
    method: !!python/unicode 'GET'
    uri: http://localhost:9001/3.0/domains
  response:
    body: {string: !!python/unicode '{"total_size": 2, "entries": [{"mail_host": "example.com",
        "url_host": "example.com", "base_url": "http://example.com", "description":
        null, "http_etag": "\"e736411818ff1815ca83575e0958c38c5188f0a4\"", "self_link":
        "http://localhost:9001/3.0/domains/example.com"}, {"mail_host": "example.net",
        "url_host": "example.net", "base_url": "http://example.net", "description":
        null, "http_etag": "\"0d2f2e58986938da3ee32b4625c8d2ee7818f5f8\"", "self_link":
        "http://localhost:9001/3.0/domains/example.net"}], "start": 0, "http_etag":
        "\"102a08c176237dad16299a2e64a838ce1c16c873\""}'}
    headers:
      content-length: ['573']
      content-type: [application/json; charset=utf-8]
      date: ['Sat, 01 Aug 2015 13:43:59 GMT']
      server: [WSGIServer/0.2 CPython/3.4.3]
    status: {code: 200, message: OK}
- request:
    body: null
    headers:
      accept-encoding: ['gzip, deflate']
      !!python/unicode 'authorization': [!!python/unicode 'Basic cmVzdGFkbWluOnJlc3RwYXNz']
      !!python/unicode 'user-agent': [!!python/unicode 'GNU Mailman REST client v1.0.0']
    method: !!python/unicode 'GET'
    uri: http://localhost:9001/3.0/domains/example.com
  response:
    body: {string: !!python/unicode '{"mail_host": "example.com", "url_host": "example.com",
        "base_url": "http://example.com", "description": null, "http_etag": "\"e736411818ff1815ca83575e0958c38c5188f0a4\"",
        "self_link": "http://localhost:9001/3.0/domains/example.com"}'}
    headers:
      content-length: ['233']
      content-type: [application/json; charset=utf-8]
      date: ['Sat, 01 Aug 2015 13:43:59 GMT']
      server: [WSGIServer/0.2 CPython/3.4.3]
    status: {code: 200, message: OK}
- request:
    body: null
    headers:
      accept-encoding: ['gzip, deflate']
      !!python/unicode 'authorization': [!!python/unicode 'Basic cmVzdGFkbWluOnJlc3RwYXNz']
      !!python/unicode 'user-agent': [!!python/unicode 'GNU Mailman REST client v1.0.0']
    method: !!python/unicode 'GET'
    uri: http://localhost:9001/3.0/domains/example.net
  response:
    body: {string: !!python/unicode '{"mail_host": "example.net", "url_host": "example.net",
        "base_url": "http://example.net", "description": null, "http_etag": "\"0d2f2e58986938da3ee32b4625c8d2ee7818f5f8\"",
        "self_link": "http://localhost:9001/3.0/domains/example.net"}'}
    headers:
      content-length: ['233']
      content-type: [application/json; charset=utf-8]
      date: ['Sat, 01 Aug 2015 13:43:59 GMT']
      server: [WSGIServer/0.2 CPython/3.4.3]
    status: {code: 200, message: OK}
- request:
    body: null
    headers:
      accept-encoding: ['gzip, deflate']
      !!python/unicode 'authorization': [!!python/unicode 'Basic cmVzdGFkbWluOnJlc3RwYXNz']
      !!python/unicode 'user-agent': [!!python/unicode 'GNU Mailman REST client v1.0.0']
    method: !!python/unicode 'GET'
    uri: http://localhost:9001/3.0/lists/foo@example.com/config
  response:
    body: {string: !!python/unicode '{"list_name": "foo", "request_address": "foo-request@example.com",
        "acceptable_aliases": [], "mail_host": "example.com", "subject_prefix": "[Foo]
        ", "welcome_message_uri": "mailman:///welcome.txt", "posting_pipeline": "default-posting-pipeline",
        "autorespond_owner": "none", "post_id": 1, "admin_immed_notify": true, "include_rfc2369_headers":
        true, "scheme": "http", "created_at": "2015-08-01T13:43:58.769742", "reply_goes_to_list":
        "no_munging", "bounces_address": "foo-bounces@example.com", "default_member_action":
        "defer", "first_strip_reply_to": false, "volume": 1, "digest_last_sent_at":
        null, "collapse_alternatives": true, "archive_policy": "public", "description":
        "", "display_name": "Foo", "autorespond_requests": "none", "autoresponse_request_text":
        "", "allow_list_posts": true, "autoresponse_postings_text": "", "web_host":
        "example.com", "last_post_at": null, "anonymous_list": false, "join_address":
        "foo-join@example.com", "admin_notify_mchanges": false, "advertised": true,
        "autorespond_postings": "none", "next_digest_number": 1, "filter_content":
        false, "no_reply_address": "noreply@example.com", "default_nonmember_action":
        "hold", "leave_address": "foo-leave@example.com", "reply_to_address": "",
        "autoresponse_owner_text": "", "fqdn_listname": "foo@example.com", "posting_address":
        "foo@example.com", "convert_html_to_plaintext": false, "administrivia": true,
        "digest_size_threshold": 30.0, "http_etag": "\"806f78ccb583ea38230afc2a08833dd73ec894c1\"",
        "send_welcome_message": true, "owner_address": "foo-owner@example.com", "autoresponse_grace_period":
        "90d", "subscription_policy": "confirm"}'}
    headers:
      content-length: ['1617']
      content-type: [application/json; charset=utf-8]
      date: ['Sat, 01 Aug 2015 13:43:59 GMT']
      server: [WSGIServer/0.2 CPython/3.4.3]
    status: {code: 200, message: OK}
- request:
    body: null
    headers:
      accept-encoding: ['gzip, deflate']
      !!python/unicode 'authorization': [!!python/unicode 'Basic cmVzdGFkbWluOnJlc3RwYXNz']
      !!python/unicode 'user-agent': [!!python/unicode 'GNU Mailman REST client v1.0.0']
    method: !!python/unicode 'GET'
    uri: http://localhost:9001/3.0/lists/foo@example.com/config
  response:
    body: {string: !!python/unicode '{"list_name": "foo", "request_address": "foo-request@example.com",
        "acceptable_aliases": [], "mail_host": "example.com", "subject_prefix": "[Foo]
        ", "welcome_message_uri": "mailman:///welcome.txt", "posting_pipeline": "default-posting-pipeline",
        "autorespond_owner": "none", "post_id": 1, "admin_immed_notify": true, "include_rfc2369_headers":
        true, "scheme": "http", "created_at": "2015-08-01T13:43:58.769742", "reply_goes_to_list":
        "no_munging", "bounces_address": "foo-bounces@example.com", "default_member_action":
        "defer", "first_strip_reply_to": false, "volume": 1, "digest_last_sent_at":
        null, "collapse_alternatives": true, "archive_policy": "public", "description":
        "", "display_name": "Foo", "autorespond_requests": "none", "autoresponse_request_text":
        "", "allow_list_posts": true, "autoresponse_postings_text": "", "web_host":
        "example.com", "last_post_at": null, "anonymous_list": false, "join_address":
        "foo-join@example.com", "admin_notify_mchanges": false, "advertised": true,
        "autorespond_postings": "none", "next_digest_number": 1, "filter_content":
        false, "no_reply_address": "noreply@example.com", "default_nonmember_action":
        "hold", "leave_address": "foo-leave@example.com", "reply_to_address": "",
        "autoresponse_owner_text": "", "fqdn_listname": "foo@example.com", "posting_address":
        "foo@example.com", "convert_html_to_plaintext": false, "administrivia": true,
        "digest_size_threshold": 30.0, "http_etag": "\"806f78ccb583ea38230afc2a08833dd73ec894c1\"",
        "send_welcome_message": true, "owner_address": "foo-owner@example.com", "autoresponse_grace_period":
        "90d", "subscription_policy": "confirm"}'}
    headers:
      content-length: ['1617']
      content-type: [application/json; charset=utf-8]
      date: ['Sat, 01 Aug 2015 13:43:59 GMT']
      server: [WSGIServer/0.2 CPython/3.4.3]
    status: {code: 200, message: OK}
- request:
    body: null
    headers:
      accept-encoding: ['gzip, deflate']
      !!python/unicode 'authorization': [!!python/unicode 'Basic cmVzdGFkbWluOnJlc3RwYXNz']
      !!python/unicode 'user-agent': [!!python/unicode 'GNU Mailman REST client v1.0.0']
    method: !!python/unicode 'GET'
    uri: http://localhost:9001/3.0/lists
  response:
    body: {string: !!python/unicode '{"total_size": 1, "entries": [{"mail_host": "example.com",
        "list_name": "foo", "display_name": "Foo", "list_id": "foo.example.com", "fqdn_listname":
        "foo@example.com", "volume": 1, "self_link": "http://localhost:9001/3.0/lists/foo.example.com",
        "http_etag": "\"698a819bbb6b902096a8c5543cc7fac2328960d5\"", "member_count":
        0}], "start": 0, "http_etag": "\"0eb6d0b88c89b5c491b7966eab97a79e221096ad\""}'}
    headers:
      content-length: ['399']
      content-type: [application/json; charset=utf-8]
      date: ['Sat, 01 Aug 2015 13:44:00 GMT']
      server: [WSGIServer/0.2 CPython/3.4.3]
    status: {code: 200, message: OK}
- request:
    body: null
    headers:
      accept-encoding: ['gzip, deflate']
      !!python/unicode 'authorization': [!!python/unicode 'Basic cmVzdGFkbWluOnJlc3RwYXNz']
      !!python/unicode 'user-agent': [!!python/unicode 'GNU Mailman REST client v1.0.0']
    method: !!python/unicode 'GET'
    uri: http://localhost:9001/3.0/lists/foo.example.com
  response:
    body: {string: !!python/unicode '{"mail_host": "example.com", "list_name": "foo",
        "display_name": "Foo", "list_id": "foo.example.com", "fqdn_listname": "foo@example.com",
        "volume": 1, "self_link": "http://localhost:9001/3.0/lists/foo.example.com",
        "http_etag": "\"698a819bbb6b902096a8c5543cc7fac2328960d5\"", "member_count":
        0}'}
    headers:
      content-length: ['294']
      content-type: [application/json; charset=utf-8]
      date: ['Sat, 01 Aug 2015 13:44:00 GMT']
      server: [WSGIServer/0.2 CPython/3.4.3]
    status: {code: 200, message: OK}
- request:
    body: null
    headers:
      accept-encoding: ['gzip, deflate']
      !!python/unicode 'authorization': [!!python/unicode 'Basic cmVzdGFkbWluOnJlc3RwYXNz']
      !!python/unicode 'user-agent': [!!python/unicode 'GNU Mailman REST client v1.0.0']
    method: !!python/unicode 'DELETE'
    uri: http://localhost:9001/3.0/lists/foo@example.com
  response:
    body: {string: !!python/unicode ''}
    headers:
      content-length: ['0']
      date: ['Sat, 01 Aug 2015 13:44:00 GMT']
      server: [WSGIServer/0.2 CPython/3.4.3]
    status: {code: 204, message: No Content}
version: 1
